============================= test session starts =============================
platform win32 -- Python 3.11.9, pytest-8.2.0, pluggy-1.6.0 -- C:\Users\asus\AppData\Local\Programs\Python\Python311\python.exe
cachedir: .pytest_cache
rootdir: C:\Users\asus\FlightCtrl
plugins: anyio-4.9.0, asyncio-0.23.6, cov-6.2.1
asyncio: mode=Mode.STRICT
collecting ... collected 8 items

backend/test_main.py::test_get_agents PASSED                             [ 12%]
backend/test_main.py::test_start_agent PASSED                            [ 25%]
backend/test_main.py::test_assign_task_to_running_agent PASSED           [ 37%]
backend/test_main.py::test_assign_task_to_idle_agent PASSED              [ 50%]
backend/test_main.py::test_stop_agent PASSED                             [ 62%]
backend/test_main.py::test_get_individual_agent PASSED                   [ 75%]
backend/test_main.py::test_agent_not_found PASSED                        [ 87%]
backend/test_main.py::test_agent_learning_and_persistence PASSED         [100%]

======================== 8 passed, 1 warning in 5.39s =========================
